{
    ValidationError: Article validation failed: title: Path`title` is required., link: Path`link` is required., summary: Path`summary` is required.
    at ValidationError.inspect(C: \Users\John Rivera\Documents\grape - scrape\node_modules\mongoose\lib\error\validation.js: 61: 24)
    at formatValue(internal / util / inspect.js: 491: 31)
    at inspect(internal / util / inspect.js: 189: 10)
    at Object.formatWithOptions(util.js: 84: 12)
    at Console.(anonymous function)(console.js: 191: 15)
    at Console.log(console.js: 202: 31)
    at C: \Users\John Rivera\Documents\grape - scrape\server.js: 79: 29
    at process._tickCallback(internal / process / next_tick.js: 68: 7)
    errors:
    {
        title:
        {
            ValidatorError: Path`title` is required.
            at new ValidatorError(C: \Users\John Rivera\Documents\grape - scrape\node_modules\mongoose\lib\error\validator.js: 29: 11)
            at validate(C: \Users\John Rivera\Documents\grape - scrape\node_modules\mongoose\lib\schematype.js: 1061: 13)          at C: \Users\John Rivera\Documents\grape - scrape\node_modules\mongoose\lib\schematype.js: 1115: 11
            at Array.forEach(<anonymous>)
            at SchemaString.SchemaType.doValidate (C:\Users\John Rivera\Documents\grape-scrape\node_modules\mongoose\lib\schematype.js:1070:14)
            at C:\Users\John Rivera\Documents\grape-scrape\node_modules\mongoose\lib\document.js:2323:9
            at process._tickCallback (internal/process/next_tick.js:61:11)
          message: 'Path `title` is required.',
          name: 'ValidatorError',
          properties: [Object],
          kind: 'required',
          path: 'title',
          value: '',
          reason: undefined,
          [Symbol(mongoose:validatorError)]: true },
       link:
      {ValidatorError: Path `link` is required.
                              at new ValidatorError (C:\Users\John Rivera\Documents\grape-scrape\node_modules\mongoose\lib\error\validator.js:29:11)
                              at validate (C:\Users\John Rivera\Documents\grape-scrape\node_modules\mongoose\lib\schematype.js:1061:13)          at C:\Users\John Rivera\Documents\grape-scrape\node_modules\mongoose\lib\schematype.js:1115:11
          at Array.forEach (<anonymous>)
                      at SchemaString.SchemaType.doValidate (C:\Users\John Rivera\Documents\grape-scrape\node_modules\mongoose\lib\schematype.js:1070:14)
                      at C:\Users\John Rivera\Documents\grape-scrape\node_modules\mongoose\lib\document.js:2323:9
                      at process._tickCallback (internal/process/next_tick.js:61:11)
                    message: 'Path `link` is required.',
                    name: 'ValidatorError',
                    properties: [Object],
                    kind: 'required',
                    path: 'link',
                    value: undefined,
                    reason: undefined,
                    [Symbol(mongoose:validatorError)]: true },
                 summary:
      {ValidatorError: Path `summary` is required.
                                      at new ValidatorError (C:\Users\John Rivera\Documents\grape-scrape\node_modules\mongoose\lib\error\validator.js:29:11)
                                      at validate (C:\Users\John Rivera\Documents\grape-scrape\node_modules\mongoose\lib\schematype.js:1061:13)          at C:\Users\John Rivera\Documents\grape-scrape\node_modules\mongoose\lib\schematype.js:1115:11
          at Array.forEach (<anonymous>)
                              at SchemaString.SchemaType.doValidate (C:\Users\John Rivera\Documents\grape-scrape\node_modules\mongoose\lib\schematype.js:1070:14)
                              at C:\Users\John Rivera\Documents\grape-scrape\node_modules\mongoose\lib\document.js:2323:9
                              at process._tickCallback (internal/process/next_tick.js:61:11)
                            message: 'Path `summary` is required.',
                            name: 'ValidatorError',
                            properties: [Object],
                            kind: 'required',
                            path: 'summary',
                            value: '',
                            reason: undefined,
                            [Symbol(mongoose:validatorError)]: true } },
                      _message: 'Article validation failed',
                      name: 'ValidationError' }
